// Jest Snapshot v1, https://goo.gl/fbAQLP

exports[`работа PageAbout 1`] = `
<div
  className="CountryAbout"
>
  <div
    className="content"
  >
    <h1>
      ABOUT THE PROJECT
    </h1>
    <p>
      This site was created as the final project of the course "React for web application development" at the IT-ACADEMY educational center using functional components. This project was developed by Pavel Kladkevich under the guidance of the teacher Alexey Loktev.
    </p>
    <p>
      My project of the previous module "Development of Web Applications in JavaScript" with using canvas graphics:
      <span>
         
      </span>
      <a
        className="js-project"
        href="https://guess-countries.netlify.app/"
        target="_blank"
      >
        GUESS THE COUNTRY
      </a>
    </p>
  </div>
</div>
`;
